 
[error] tests/syntax/no-bind.mst:3,1-3,2
  signature, but no binding, for symbol `f`
